Release 14.7 - xst P.20131013 (lin)
Copyright (c) 1995-2013 Xilinx, Inc.  All rights reserved.
--> 
Parameter TMPDIR set to xst/projnav.tmp


Total REAL time to Xst completion: 0.00 secs
Total CPU time to Xst completion: 0.04 secs
 
--> 
Parameter xsthdpdir set to xst


Total REAL time to Xst completion: 0.00 secs
Total CPU time to Xst completion: 0.04 secs
 
--> 
Reading design: adau1761_audio.prj

TABLE OF CONTENTS
  1) Synthesis Options Summary
  2) HDL Parsing
  3) HDL Elaboration
  4) HDL Synthesis
       4.1) HDL Synthesis Report
  5) Advanced HDL Synthesis
       5.1) Advanced HDL Synthesis Report
  6) Low Level Synthesis
  7) Partition Report
  8) Design Summary
       8.1) Primitive and Black Box Usage
       8.2) Device utilization summary
       8.3) Partition Resource Summary
       8.4) Timing Report
            8.4.1) Clock Information
            8.4.2) Asynchronous Control Signals Information
            8.4.3) Timing Summary
            8.4.4) Timing Details
            8.4.5) Cross Clock Domains Report


=========================================================================
*                      Synthesis Options Summary                        *
=========================================================================
---- Source Parameters
Input File Name                    : "adau1761_audio.prj"
Ignore Synthesis Constraint File   : NO

---- Target Parameters
Output File Name                   : "adau1761_audio"
Output Format                      : NGC
Target Device                      : xc7z100-2-ffg900

---- Source Options
Top Module Name                    : adau1761_audio
Automatic FSM Extraction           : YES
FSM Encoding Algorithm             : Auto
Safe Implementation                : No
FSM Style                          : LUT
RAM Extraction                     : Yes
RAM Style                          : Auto
ROM Extraction                     : Yes
Shift Register Extraction          : YES
ROM Style                          : Auto
Resource Sharing                   : YES
Asynchronous To Synchronous        : NO
Shift Register Minimum Size        : 2
Use DSP Block                      : Auto
Automatic Register Balancing       : No

---- Target Options
LUT Combining                      : Auto
Reduce Control Sets                : Auto
Add IO Buffers                     : YES
Global Maximum Fanout              : 100000
Add Generic Clock Buffer(BUFG)     : 32
Register Duplication               : YES
Optimize Instantiated Primitives   : NO
Use Clock Enable                   : Auto
Use Synchronous Set                : Auto
Use Synchronous Reset              : Auto
Pack IO Registers into IOBs        : Auto
Equivalent register Removal        : YES

---- General Options
Optimization Goal                  : Speed
Optimization Effort                : 1
Power Reduction                    : NO
Keep Hierarchy                     : No
Netlist Hierarchy                  : As_Optimized
RTL Output                         : Yes
Global Optimization                : AllClockNets
Read Cores                         : YES
Write Timing Constraints           : NO
Cross Clock Analysis               : NO
Hierarchy Separator                : /
Bus Delimiter                      : <>
Case Specifier                     : Maintain
Slice Utilization Ratio            : 100
BRAM Utilization Ratio             : 100
DSP48 Utilization Ratio            : 100
Auto BRAM Packing                  : NO
Slice Utilization Ratio Delta      : 5

=========================================================================


=========================================================================
*                          HDL Parsing                                  *
=========================================================================
Parsing VHDL file "/home/user/Desktop/adau1761/ZedBoard_Linux_Design/hw/xps_proj/pcores/adau1761_audio_v1_00_a/hdl/vhdl/user_logic.vhd" into library work
ERROR:HDLCompiler:104 - "/home/user/Desktop/adau1761/ZedBoard_Linux_Design/hw/xps_proj/pcores/adau1761_audio_v1_00_a/hdl/vhdl/user_logic.vhd" Line 58: Cannot find <proc_common_pkg> in library <proc_common_v3_00_a>. Please ensure that the library was compiled, and that a library and a use clause are present in the VHDL file.
Parsing entity <user_logic>.
ERROR:HDLCompiler:854 - "/home/user/Desktop/adau1761/ZedBoard_Linux_Design/hw/xps_proj/pcores/adau1761_audio_v1_00_a/hdl/vhdl/user_logic.vhd" Line 84: Unit <user_logic> ignored due to previous errors.
Parsing architecture <IMP> of entity <user_logic>.
ERROR:HDLCompiler:374 - "/home/user/Desktop/adau1761/ZedBoard_Linux_Design/hw/xps_proj/pcores/adau1761_audio_v1_00_a/hdl/vhdl/user_logic.vhd" Line 130: Entity <user_logic> is not yet compiled.
ERROR:HDLCompiler:69 - "/home/user/Desktop/adau1761/ZedBoard_Linux_Design/hw/xps_proj/pcores/adau1761_audio_v1_00_a/hdl/vhdl/user_logic.vhd" Line 135: <std_logic> is not declared.
ERROR:HDLCompiler:69 - "/home/user/Desktop/adau1761/ZedBoard_Linux_Design/hw/xps_proj/pcores/adau1761_audio_v1_00_a/hdl/vhdl/user_logic.vhd" Line 136: <std_logic> is not declared.
ERROR:HDLCompiler:69 - "/home/user/Desktop/adau1761/ZedBoard_Linux_Design/hw/xps_proj/pcores/adau1761_audio_v1_00_a/hdl/vhdl/user_logic.vhd" Line 137: <std_logic> is not declared.
ERROR:HDLCompiler:69 - "/home/user/Desktop/adau1761/ZedBoard_Linux_Design/hw/xps_proj/pcores/adau1761_audio_v1_00_a/hdl/vhdl/user_logic.vhd" Line 138: <std_logic> is not declared.
ERROR:HDLCompiler:69 - "/home/user/Desktop/adau1761/ZedBoard_Linux_Design/hw/xps_proj/pcores/adau1761_audio_v1_00_a/hdl/vhdl/user_logic.vhd" Line 139: <std_logic> is not declared.
ERROR:HDLCompiler:69 - "/home/user/Desktop/adau1761/ZedBoard_Linux_Design/hw/xps_proj/pcores/adau1761_audio_v1_00_a/hdl/vhdl/user_logic.vhd" Line 140: <std_logic> is not declared.
ERROR:HDLCompiler:69 - "/home/user/Desktop/adau1761/ZedBoard_Linux_Design/hw/xps_proj/pcores/adau1761_audio_v1_00_a/hdl/vhdl/user_logic.vhd" Line 141: <std_logic> is not declared.
ERROR:HDLCompiler:69 - "/home/user/Desktop/adau1761/ZedBoard_Linux_Design/hw/xps_proj/pcores/adau1761_audio_v1_00_a/hdl/vhdl/user_logic.vhd" Line 142: <std_logic> is not declared.
ERROR:HDLCompiler:69 - "/home/user/Desktop/adau1761/ZedBoard_Linux_Design/hw/xps_proj/pcores/adau1761_audio_v1_00_a/hdl/vhdl/user_logic.vhd" Line 143: <std_logic> is not declared.
ERROR:HDLCompiler:69 - "/home/user/Desktop/adau1761/ZedBoard_Linux_Design/hw/xps_proj/pcores/adau1761_audio_v1_00_a/hdl/vhdl/user_logic.vhd" Line 144: <std_logic> is not declared.
ERROR:HDLCompiler:69 - "/home/user/Desktop/adau1761/ZedBoard_Linux_Design/hw/xps_proj/pcores/adau1761_audio_v1_00_a/hdl/vhdl/user_logic.vhd" Line 145: <std_logic_vector> is not declared.
ERROR:HDLCompiler:69 - "/home/user/Desktop/adau1761/ZedBoard_Linux_Design/hw/xps_proj/pcores/adau1761_audio_v1_00_a/hdl/vhdl/user_logic.vhd" Line 151: <std_logic_vector> is not declared.
ERROR:HDLCompiler:69 - "/home/user/Desktop/adau1761/ZedBoard_Linux_Design/hw/xps_proj/pcores/adau1761_audio_v1_00_a/hdl/vhdl/user_logic.vhd" Line 152: <std_logic_vector> is not declared.
ERROR:HDLCompiler:69 - "/home/user/Desktop/adau1761/ZedBoard_Linux_Design/hw/xps_proj/pcores/adau1761_audio_v1_00_a/hdl/vhdl/user_logic.vhd" Line 153: <std_logic_vector> is not declared.
ERROR:HDLCompiler:69 - "/home/user/Desktop/adau1761/ZedBoard_Linux_Design/hw/xps_proj/pcores/adau1761_audio_v1_00_a/hdl/vhdl/user_logic.vhd" Line 154: <std_logic_vector> is not declared.
ERROR:HDLCompiler:69 - "/home/user/Desktop/adau1761/ZedBoard_Linux_Design/hw/xps_proj/pcores/adau1761_audio_v1_00_a/hdl/vhdl/user_logic.vhd" Line 155: <std_logic_vector> is not declared.
Sorry, too many errors..
--> 


Total memory usage is 124404 kilobytes

Number of errors   :   19 (   0 filtered)
Number of warnings :    0 (   0 filtered)
Number of infos    :    0 (   0 filtered)

